[2026-10-07T23:31:30.687Z] ================================================================
[2026-10-07T23:31:30.690Z]   XPIDER AUTOFORM SENDER PRO - REAL MS EDGE OPERATOR AUDIT
[2026-10-07T23:31:30.690Z]   ISSUE #6 R6.9G.10 PRIVACY RELAY & SAFE ROTATION ACCEPTANCE
[2026-10-07T23:31:30.690Z] ================================================================
[2026-10-07T23:31:30.713Z] [SERVERS_STARTED] Target server on http://127.0.0.1:8980
[2026-10-07T23:31:30.720Z] [UPSTREAMS_STARTED] Egress Node 1 (18991), Node 2 (18992), Node 3 (18993)
[2026-10-07T23:31:31.336Z] [COMPANION_STARTED] Privacy Relay listening on 18988 (control 18989)
[2026-10-07T23:31:31.336Z] 
>>> GATE A: COMPANION CONTROL PLANE & SILENT RUNNER VERIFICATION <<<
[2026-10-07T23:31:31.369Z] [GATE_A_HEALTH] status=OK relayReady=true selected=egress-node-1
[2026-10-07T23:31:31.375Z] [GATE_A_STATUS] mode=CAMPAIGN_BOUNDARY fingerprint=22c3f50f88c07389 totalNodes=3
[2026-10-07T23:31:31.376Z] [GATE_A_SILENT_VBS] Verified exists: E:\vivpr\ai\extension-form-sender\companion\start_relay_silent.vbs
[2026-10-07T23:31:31.376Z] ✅ GATE A: COMPANION CONTROL PLANE & AUTOSTART ARTIFACTS VERIFIED PASS
[2026-10-07T23:31:31.376Z] 
>>> GATE B: NATIVE MESSAGING HOST ZERO-MANUAL-LAUNCH UX <<<
[2026-10-07T23:31:31.472Z] [GATE_B_NATIVE_PING] Verified stdio 4-byte framing protocol and PONG handling.
[2026-10-07T23:31:31.472Z] ✅ GATE B: NATIVE MESSAGING HOST PROTOCOL PASS
[2026-10-07T23:31:31.472Z] 
>>> LAUNCHING MICROSOFT EDGE WITH EXTENSION <<<
[2026-10-07T23:31:31.473Z] [EXTENSION_PATH] E:\vivpr\ai\extension-form-sender\send_message_backup\build\extension
[2026-10-07T23:31:31.483Z] [EDGE_SPAWNED] PID=10016 CDP=9233
[2026-10-07T23:31:32.914Z] [BG_TARGET_FOUND] title="Service Worker chrome-extension://pjohcallgmjmbfckiaogjokelhobfceg/background.js" ws=ws://127.0.0.1:9233/devtools/page/096CCE18A8CC0F67E57BAE6048B175B8
[2026-10-07T23:31:32.934Z] [EXT_ID_RESOLVED] pjohcallgmjmbfckiaogjokelhobfceg
[2026-10-07T23:31:33.223Z] [SW_CONSOLE] [PRIVACY_GATE] Proxy onAuthRequired asyncBlocking listener registered with bounded retries.
[2026-10-07T23:31:33.227Z] [SW_CONSOLE] [BootStep] solver_instantiation
[2026-10-07T23:31:33.227Z] [SW_CONSOLE] [X PIDER] Background script initializing (Unified Mode)...
[2026-10-07T23:31:33.228Z] [SW_CONSOLE] [BootStep] side_panel_config
[2026-10-07T23:31:33.230Z] [SW_CONSOLE] [BootStep] campaign_state_init
[2026-10-07T23:31:33.231Z] [SW_CONSOLE] [BootStep] global_functions_defined
[2026-10-07T23:31:33.232Z] [SW_CONSOLE] [BootStep] worker_online
[2026-10-07T23:31:33.517Z] [SW_MODULES_READY] BuildProvenance and PrivacyGateway ready.
[2026-10-07T23:31:33.522Z] [EDGE_RUNTIME_BUILD] buildId=R6.9G.10-20261007-PRIVACY-RELAY-SAFE-ROTATION implementationHead=365bad6817e73166ea8779c9df7f387c28fe9330
[2026-10-07T23:31:33.522Z] 
>>> GATE C: OWNED EGRESS POOL & FIXED EGRESS ROUTING <<<
[2026-10-07T23:31:33.544Z] [UPSTREAM_NODE1_CONNECT] cloudflare.com:443
[2026-10-07T23:31:33.749Z] [SW_CONSOLE] [BootStep] restoring_campaign_state
[2026-10-07T23:31:33.749Z] [SW_CONSOLE] [Boot] Initializing campaign state...
[2026-10-07T23:31:33.754Z] [SW_CONSOLE] [COUNTER_RECONCILE] legacySuccess=0 ledgerSuccess=0 action=LEDGER_WINS
[2026-10-07T23:31:33.756Z] [SW_CONSOLE] [BootStep] restore_complete
[2026-10-07T23:31:34.231Z] [UPSTREAM_NODE1_CONNECT] www.bing.com:443
[2026-10-07T23:31:34.521Z] [GATE_C_PREFLIGHT] mode=PRIVACY_RELAY ready=true egressCheck=PASS fingerprint=22c3f50f88c07389
[2026-10-07T23:31:34.538Z] [UPSTREAM_NODE1] GET http://127.0.0.1:8980/privacy-canary
[2026-10-07T23:31:34.541Z] [TARGET_DIRECT_REQ] GET /privacy-canary Host=127.0.0.1:8980
[2026-10-07T23:31:34.550Z] [GATE_C_PROXY_FETCH] ok=true status=200 text=CANARY_OK
[2026-10-07T23:31:34.550Z] [GATE_C_TRAFFIC_AUDIT] node1_requests=1 target_direct_requests=1
[2026-10-07T23:31:34.550Z] ✅ GATE C: OWNED EGRESS POOL & FIXED EGRESS ROUTING VERIFIED PASS
[2026-10-07T23:31:34.550Z] 
>>> GATE D: SAFE ROTATION MODES (MANUAL & CAMPAIGN BOUNDARY) <<<
[2026-10-07T23:31:34.566Z] [UPSTREAM_NODE1] POST http://127.0.0.1:18989/rotate
[2026-10-07T23:31:34.590Z] [GATE_D1_MANUAL_ROTATE] from=egress-node-1 to=egress-node-2 fingerprint=1dd09635ce0898f1
[2026-10-07T23:31:34.597Z] [UPSTREAM_NODE2] GET http://127.0.0.1:8980/privacy-canary
[2026-10-07T23:31:34.598Z] [TARGET_DIRECT_REQ] GET /privacy-canary Host=127.0.0.1:8980
[2026-10-07T23:31:34.610Z] [GATE_D1_NODE2_FETCH] ok=true node2_requests=1
[2026-10-07T23:31:34.610Z] ✅ GATE D.1: MANUAL ROTATION VERIFIED PASS
[2026-10-07T23:31:34.610Z] 
--- Sub-gate D.2: Campaign-Boundary Rotation ---
[2026-10-07T23:31:34.614Z] [UPSTREAM_NODE2] POST http://127.0.0.1:18989/mode
[2026-10-07T23:31:34.644Z] [GATE_D2_PRE_CAMPAIGN_NODE] selected=egress-node-2
[2026-10-07T23:31:34.648Z] [UPSTREAM_NODE2] POST http://127.0.0.1:18989/rotate
[2026-10-07T23:31:34.666Z] [GATE_D2_BOUNDARY_ROTATE] success=true selected=egress-node-3 fingerprint=14917b3df1ca7234
[2026-10-07T23:31:34.675Z] [UPSTREAM_NODE3] GET http://127.0.0.1:8980/privacy-canary
[2026-10-07T23:31:34.676Z] [TARGET_DIRECT_REQ] GET /privacy-canary Host=127.0.0.1:8980
[2026-10-07T23:31:34.680Z] [GATE_D2_NODE3_FETCH] ok=true node3_requests=1
[2026-10-07T23:31:34.680Z] ✅ GATE D.2: CAMPAIGN-BOUNDARY ROTATION VERIFIED PASS
[2026-10-07T23:31:34.681Z] 
--- Sub-gate D.3: Sticky Identity / Mid-Target Check ---
[2026-10-07T23:31:34.688Z] [UPSTREAM_NODE3] GET http://127.0.0.1:18989/status
[2026-10-07T23:31:34.849Z] [GATE_D3_STICKY_CONTINUITY] pass=true fingerprint=14917b3df1ca7234
[2026-10-07T23:31:34.849Z] ✅ GATE D.3: STICKY IDENTITY VERIFIED PASS
[2026-10-07T23:31:34.849Z] 
>>> GATE E: HEALTH FAILOVER & FAIL-CLOSED DROP <<<
[2026-10-07T23:31:34.849Z] 
--- Sub-gate E.1: Relay Pause / Upstream Drop Fail-Closed ---
[2026-10-07T23:31:34.879Z] [GATE_E1_PAUSED_PREFLIGHT] ready=false failureReason=PRIVACY_RELAY_OFFLINE
[2026-10-07T23:31:34.892Z] [GATE_E1_DROP_FETCH] ok=false status=502
[2026-10-07T23:31:34.892Z] ✅ GATE E.1: FAIL-CLOSED ON RELAY PAUSE VERIFIED PASS
[2026-10-07T23:31:34.902Z] 
>>> GATE F: SECRET REDACTION & LOG INVARIANT <<<
[2026-10-07T23:31:34.905Z] [GATE_F_LOG_CHECK] Total log lines=10
[2026-10-07T23:31:34.905Z] ✅ GATE F: SECRET REDACTION & LOG INVARIANT VERIFIED PASS
[2026-10-07T23:31:34.905Z] 
>>> GATE G: POPUP UI INTEGRATION & LIMITATIONS COPY <<<
[2026-10-07T23:31:34.905Z] [OPENING_POPUP_TAB] url=chrome-extension://pjohcallgmjmbfckiaogjokelhobfceg/popup.html
[2026-10-07T23:31:35.310Z] [UPSTREAM_NODE3] GET http://127.0.0.1:18989/status
[2026-10-07T23:31:35.314Z] [SW_CONSOLE] [BG_LOG][tab=none] 📦 [Migration] Safely migrated to v2 (Backup: xpider_backup_v1_1791415895229)
[2026-10-07T23:31:36.971Z] [POPUP_ATTACHED] chrome-extension://pjohcallgmjmbfckiaogjokelhobfceg/popup.html
[2026-10-07T23:31:36.977Z] [GATE_G_POPUP_DOM] badge="TEST-ONLY R6.9G.10 [365bad68]" hasRelayOption=true hasDisclaimer=true
[2026-10-07T23:31:36.977Z] ✅ GATE G: POPUP UI INTEGRATION & LIMITATIONS COPY VERIFIED PASS
[2026-10-07T23:31:36.977Z] 
================================================================
[2026-10-07T23:31:36.977Z]   🎉 ALL R6.9G.10 OPERATOR AUDIT GATES (A THROUGH G) VERIFIED PASS! 🎉
[2026-10-07T23:31:36.977Z] ================================================================
[2026-10-07T23:31:36.977Z] 
[TEARDOWN] Cleaning up processes and servers...