[2026-10-07T20:52:36.965Z] ========================================================================
[2026-10-07T20:52:36.967Z] XPIDER R6.9G.9.3 MICROSOFT EDGE REAL BROWSER OPERATOR AUDIT
[2026-10-07T20:52:36.967Z] Real Proxy Path + MV3 asyncBlocking Auth + Exact-Build Audit Suite
[2026-10-07T20:52:36.967Z] ========================================================================
[2026-10-07T20:52:36.987Z] [HARNESS_INIT] Target server listening on http://127.0.0.1:8980
[2026-10-07T20:52:36.989Z] [HARNESS_INIT] Forward proxy server listening on http://127.0.0.1:8982
[2026-10-07T20:52:36.990Z] [BROWSER_DETECTED] Edge binary: C:\Program Files (x86)\Microsoft\Edge\Application\msedge.exe
[2026-10-07T20:52:36.991Z] [EXTENSION_PATH] E:\vivpr\ai\extension-form-sender\send_message_backup\build\extension
[2026-10-07T20:52:36.992Z] [BROWSER_SPAWN] Launching Microsoft Edge on CDP port 9232...
[2026-10-07T20:52:37.673Z] [CDP_CONNECTED] Found 6 browser targets.
[2026-10-07T20:52:38.187Z] [SW_TARGET_ATTACHED] chrome-extension://pjohcallgmjmbfckiaogjokelhobfceg/background.js
[2026-10-07T20:52:38.194Z] [EXT_ID_RESOLVED] pjohcallgmjmbfckiaogjokelhobfceg
[2026-10-07T20:52:38.201Z] 
=============================================================
[2026-10-07T20:52:38.201Z] GATE A: DIRECT MODE + FAIL-CLOSED (Preflight Synchronous Block)
[2026-10-07T20:52:38.201Z] =============================================================
[2026-10-07T20:52:38.210Z] [GATE_A_EVAL] {"ready":false,"mode":"DIRECT","failClosed":true,"failureReason":"DIRECT_MODE_BLOCKED_BY_FAIL_CLOSED"}
[2026-10-07T20:52:38.210Z] ✅ [GATE A: PASS] DIRECT mode strictly blocked with DIRECT_MODE_BLOCKED_BY_FAIL_CLOSED
[2026-10-07T20:52:38.210Z] 
=============================================================
[2026-10-07T20:52:38.210Z] GATE B.1: MANAGED PROXY ROUTING & BOUNDED CANARY PROBE
[2026-10-07T20:52:38.210Z] =============================================================
[2026-10-07T20:52:38.218Z] [PROXY_FORWARD_REQ] GET http://127.0.0.1:8980/privacy-canary
[2026-10-07T20:52:38.225Z] [TARGET_HTTP_REQ] GET /privacy-canary Host=127.0.0.1:8980
[2026-10-07T20:52:38.231Z] [GATE_B1_EVAL] {"ready":true,"mode":"HTTPS_PROXY","directFallbackBlocked":"BLOCKED","egressCheck":"PASS","failureReason":null}
[2026-10-07T20:52:38.231Z] [GATE_B1_CANARY_TRACE] canaryInProxy=true
[2026-10-07T20:52:38.234Z] [PROXY_FORWARD_REQ] GET http://127.0.0.1:8980/privacy-target
[2026-10-07T20:52:38.235Z] [TARGET_HTTP_REQ] GET /privacy-target Host=127.0.0.1:8980
[2026-10-07T20:52:38.239Z] [GATE_B1_TARGET_FETCH] {"ok":true,"status":200,"hasForm":true}
[2026-10-07T20:52:38.243Z] [PROXY_FORWARD_REQ] GET http://127.0.0.1:8980/subresource-asset
[2026-10-07T20:52:38.244Z] [TARGET_HTTP_REQ] GET /subresource-asset Host=127.0.0.1:8980
[2026-10-07T20:52:38.247Z] [GATE_B1_SUBRESOURCE_FETCH] {"ok":true,"status":200}
[2026-10-07T20:52:38.247Z] [GATE_B1_TRAFFIC] targetInProxy=true subresourceInProxy=true proxyCount=3 targetCount=3
[2026-10-07T20:52:38.247Z] ✅ [GATE B.1: PASS] HTTPS_PROXY configured and applied via fixed_servers; <-loopback> un-bypassed; canary verified; target and subresources traverse proxy
[2026-10-07T20:52:38.247Z] 
=============================================================
[2026-10-07T20:52:38.247Z] GATE B.2: PROXY AUTHENTICATION (Real HTTP 407 Challenge & onAuthRequired)
[2026-10-07T20:52:38.247Z] =============================================================
[2026-10-07T20:52:38.251Z] [PROXY_AUTH_CHALLENGE] 407 sent for http://127.0.0.1:8980/privacy-canary
[2026-10-07T20:52:38.254Z] [PROXY_AUTH_SUCCESS] Authenticated proxy user=testproxyuser
[2026-10-07T20:52:38.254Z] [PROXY_FORWARD_REQ] GET http://127.0.0.1:8980/privacy-canary
[2026-10-07T20:52:38.255Z] [TARGET_HTTP_REQ] GET /privacy-canary Host=127.0.0.1:8980
[2026-10-07T20:52:38.259Z] [GATE_B2_SETUP] {"preflightReady":true,"hasCreds":true,"wrongHostScoped":true,"wrongPortScoped":true}
[2026-10-07T20:52:38.261Z] [PROXY_AUTH_SUCCESS] Authenticated proxy user=testproxyuser
[2026-10-07T20:52:38.261Z] [PROXY_FORWARD_REQ] GET http://127.0.0.1:8980/privacy-target
[2026-10-07T20:52:38.262Z] [TARGET_HTTP_REQ] GET /privacy-target Host=127.0.0.1:8980
[2026-10-07T20:52:38.264Z] [GATE_B2_AUTH_FETCH] {"ok":true,"status":200}
[2026-10-07T20:52:38.265Z] [GATE_B2_AUTH_TRACES] hasAuthChallenge=true hasAuthSuccess=true
[2026-10-07T20:52:38.267Z] [PROXY_AUTH_FAIL] Wrong credentials: user=testproxyuser
[2026-10-07T20:52:38.269Z] [PROXY_AUTH_FAIL] Wrong credentials: user=testproxyuser
[2026-10-07T20:52:38.271Z] [PROXY_AUTH_FAIL] Wrong credentials: user=testproxyuser
[2026-10-07T20:52:38.272Z] [PROXY_AUTH_FAIL] Wrong credentials: user=testproxyuser
[2026-10-07T20:52:38.275Z] [PROXY_AUTH_FAIL] Wrong credentials: user=testproxyuser
[2026-10-07T20:52:38.277Z] [PROXY_AUTH_FAIL] Wrong credentials: user=testproxyuser
[2026-10-07T20:52:38.279Z] [PROXY_AUTH_FAIL] Wrong credentials: user=testproxyuser
[2026-10-07T20:52:38.281Z] [PROXY_AUTH_FAIL] Wrong credentials: user=testproxyuser
[2026-10-07T20:52:38.283Z] [PROXY_AUTH_FAIL] Wrong credentials: user=testproxyuser
[2026-10-07T20:52:38.285Z] [PROXY_AUTH_FAIL] Wrong credentials: user=testproxyuser
[2026-10-07T20:52:38.287Z] [PROXY_AUTH_FAIL] Wrong credentials: user=testproxyuser
[2026-10-07T20:52:38.288Z] [PROXY_AUTH_FAIL] Wrong credentials: user=testproxyuser
[2026-10-07T20:52:38.290Z] [PROXY_AUTH_FAIL] Wrong credentials: user=testproxyuser
[2026-10-07T20:52:38.292Z] [PROXY_AUTH_FAIL] Wrong credentials: user=testproxyuser
[2026-10-07T20:52:38.294Z] [PROXY_AUTH_FAIL] Wrong credentials: user=testproxyuser
[2026-10-07T20:52:38.296Z] [PROXY_AUTH_FAIL] Wrong credentials: user=testproxyuser
[2026-10-07T20:52:38.297Z] [PROXY_AUTH_FAIL] Wrong credentials: user=testproxyuser
[2026-10-07T20:52:38.299Z] [PROXY_AUTH_FAIL] Wrong credentials: user=testproxyuser
[2026-10-07T20:52:38.300Z] [PROXY_AUTH_FAIL] Wrong credentials: user=testproxyuser
[2026-10-07T20:52:38.302Z] [PROXY_AUTH_FAIL] Wrong credentials: user=testproxyuser
[2026-10-07T20:52:38.303Z] [PROXY_AUTH_FAIL] Wrong credentials: user=testproxyuser
[2026-10-07T20:52:38.305Z] [PROXY_AUTH_FAIL] Wrong credentials: user=testproxyuser
[2026-10-07T20:52:38.306Z] [PROXY_AUTH_FAIL] Wrong credentials: user=testproxyuser
[2026-10-07T20:52:38.308Z] [PROXY_AUTH_FAIL] Wrong credentials: user=testproxyuser
[2026-10-07T20:52:38.310Z] [PROXY_AUTH_FAIL] Wrong credentials: user=testproxyuser
[2026-10-07T20:52:38.311Z] [PROXY_AUTH_FAIL] Wrong credentials: user=testproxyuser
[2026-10-07T20:52:38.313Z] [PROXY_AUTH_FAIL] Wrong credentials: user=testproxyuser
[2026-10-07T20:52:38.315Z] [PROXY_AUTH_FAIL] Wrong credentials: user=testproxyuser
[2026-10-07T20:52:38.317Z] [PROXY_AUTH_FAIL] Wrong credentials: user=testproxyuser
[2026-10-07T20:52:38.318Z] [PROXY_AUTH_FAIL] Wrong credentials: user=testproxyuser
[2026-10-07T20:52:38.319Z] [PROXY_AUTH_FAIL] Wrong credentials: user=testproxyuser
[2026-10-07T20:52:38.321Z] [PROXY_AUTH_FAIL] Wrong credentials: user=testproxyuser
[2026-10-07T20:52:38.324Z] [GATE_B2_WRONG_PASS] {"ok":false,"error":"Failed to fetch"}
[2026-10-07T20:52:38.324Z] [GATE_B2_WRONG_PASS_FAIL] hasAuthFail=true
[2026-10-07T20:52:38.324Z] [GATE_B2_DIRECT_RETRY_CHECK] newTargetRequestsDuringFailure=0
[2026-10-07T20:52:38.327Z] [GATE_B2_INCOMPLETE] ready=false reason=PROXY_CREDENTIALS_INCOMPLETE
[2026-10-07T20:52:38.331Z] [GATE_B2_EPHEMERAL_CLEANUP] hasBefore=true hasAfter=false
[2026-10-07T20:52:38.331Z] ✅ [GATE B.2: PASS] Real HTTP 407 challenge handled via onAuthRequired, credentials scoped, wrong password fails closed with zero direct retry, ephemeral cleanup verified
[2026-10-07T20:52:38.331Z] 
=============================================================
[2026-10-07T20:52:38.331Z] GATE C: LIVE PROXY DROP DURING ACTIVE CAMPAIGN & FAIL-CLOSED QUIESCENCE
[2026-10-07T20:52:38.331Z] =============================================================
[2026-10-07T20:52:38.337Z] [PROXY_FORWARD_REQ] GET http://127.0.0.1:8980/privacy-canary
[2026-10-07T20:52:38.338Z] [TARGET_HTTP_REQ] GET /privacy-canary Host=127.0.0.1:8980
[2026-10-07T20:52:38.342Z] [GATE_C_CAMPAIGN_SETUP] {"isActive":true,"queueLen":2}
[2026-10-07T20:52:38.343Z] [PROXY_FORWARD_REQ] GET http://127.0.0.1:8980/privacy-target
[2026-10-07T20:52:38.344Z] [TARGET_HTTP_REQ] GET /privacy-target Host=127.0.0.1:8980
[2026-10-07T20:52:38.346Z] [GATE_C_FIRST_TARGET_PROXIED] {"ok":true,"status":200}
[2026-10-07T20:52:38.346Z] ✅ [GATE C: FIRST TARGET] Confirmed first target traversed active proxy
[2026-10-07T20:52:38.346Z] [GATE_C_PROXY_DROPPED] mockProxyActive set to false
[2026-10-07T20:52:38.349Z] [PROXY_REJECT_DEAD] 502 returned for http://127.0.0.1:8980/privacy-canary
[2026-10-07T20:52:38.384Z] [GATE_C_DROP_SCHEDULER] {"isActive":false,"isPaused":true,"isFaulted":true,"faultReason":"PRIVACY_GATEWAY_BLOCKED","activeTargetInFlight":false,"queueLen":2}
[2026-10-07T20:52:38.384Z] [GATE_C_DIRECT_FALLBACK_CHECK] newTargetRequestsAfterDrop=0
[2026-10-07T20:52:38.390Z] [GATE_C_MISSING_CONFIG] ready=false reason=PROXY_HOST_OR_PORT_MISSING
[2026-10-07T20:52:38.390Z] ✅ [GATE C: PASS] Active campaign detected dropped proxy, scheduler paused/faulted fail-closed, zero next target in-flight, zero direct fallback request
[2026-10-07T20:52:38.390Z] 
=============================================================
[2026-10-07T20:52:38.390Z] GATE D: WEBRTC LEAK GUARD & RESTORATION
[2026-10-07T20:52:38.390Z] =============================================================
[2026-10-07T20:52:38.393Z] [GATE_D_EVAL] webrtcVal=disable_non_proxied_udp netPredVal=false
[2026-10-07T20:52:38.394Z] ✅ [GATE D: PASS] WebRTC hardened to disable_non_proxied_udp, network prediction disabled
[2026-10-07T20:52:38.394Z] 
=============================================================
[2026-10-07T20:52:38.394Z] GATE E: CHILD / EXTERNAL TAB INVARIANT
[2026-10-07T20:52:38.394Z] =============================================================
[2026-10-07T20:52:38.395Z] [GATE_E_EVAL] {"readyState":false,"meta":{"privacyMode":"SYSTEM_VPN","privacyTransport":"SYSTEM_VPN","privacyGatePassed":false,"privacyGateCheckedAt":"2026-10-07T20:52:38.394Z","privacyFailureReason":"PROXY_HOST_OR_PORT_MISSING"}}
[2026-10-07T20:52:38.395Z] ✅ [GATE E: PASS] Attempt privacy metadata captures zero PII and enforces invariant
[2026-10-07T20:52:38.395Z] 
=============================================================
[2026-10-07T20:52:38.395Z] GATE F: POPUP SETTINGS & EXACT BUILD PROVENANCE BADGE
[2026-10-07T20:52:38.395Z] =============================================================
[2026-10-07T20:52:40.434Z] [POPUP_ATTACHED] chrome-extension://pjohcallgmjmbfckiaogjokelhobfceg/popup.html
[2026-10-07T20:52:40.438Z] [GATE_F_EVAL] {"hasPrivacyToggle":true,"hasModeSelect":true,"hasVpnSection":true,"hasVpnBadge":true,"hasVpnCheckbox":true,"hasVpnVerifyBtn":true,"hasVpnRevokeBtn":true,"badgeText":"NOT CONFIRMED","provenanceBadgeText":"TEST-ONLY R6.9G.9.3 [ba845562]"}
[2026-10-07T20:52:40.438Z] ✅ [GATE F: PASS] All 7 UI elements verified in popup DOM. Exact provenance badge: TEST-ONLY R6.9G.9.3 [ba845562]
[2026-10-07T20:52:40.438Z] 
=============================================================
[2026-10-07T20:52:40.439Z] GATE G: DIAGNOSTIC REDACTION
[2026-10-07T20:52:40.439Z] =============================================================
[2026-10-07T20:52:40.440Z] [GATE_G_EVAL] redacted="Connected to proxy user:[REDACTED_SECRET] proxyPassword: [REDACTED_SECRET] with https://[REDACTED_USER]:[REDACTED_PASS]@proxy.example.com at [REDACTED_IP]:8080 and [REDACTED_IPV6], local test on 127.0.0.1"
[2026-10-07T20:52:40.440Z] ✅ [GATE G: PASS] Sensitive IPv4, IPv6, and proxy passwords strictly redacted; loopback fixture preserved
[2026-10-07T20:52:40.440Z] 
=============================================================
[2026-10-07T20:52:40.440Z] GATE H.1: UNCONFIRMED SYSTEM VPN BLOCKS CAMPAIGN START
[2026-10-07T20:52:40.441Z] =============================================================
[2026-10-07T20:52:42.976Z] [GATE_H_1_BLOCKED] alert="🛡️ PRIVACY GATEWAY FAIL-CLOSED

Campaign START blocked:
System VPN mode is selected, but VPN confirmation has not been completed.

Open Settings > Privacy Gateway, connect your VPN, then click 'Verify & Use System VPN'." badge=NOT CONFIRMED settingsVisible=true
[2026-10-07T20:52:42.976Z] ✅ [GATE H.1: PASS] Unconfirmed System VPN blocks campaign start, displays actionable guidance, opens Settings
[2026-10-07T20:52:42.976Z] 
=============================================================
[2026-10-07T20:52:42.976Z] GATE H.2: FORCED PREFLIGHT FAILURE IN VERIFY BUTTON
[2026-10-07T20:52:42.976Z] =============================================================
[2026-10-07T20:52:44.492Z] [GATE_H_2_FORCED_FAIL] badge=NOT CONFIRMED storedConfirmed=false alert="🛡️ PRIVACY GATEWAY FAIL-CLOSED

System VPN verification failed:
FORCED_PREFLIGHT_SIMULATED_PROBE_ERROR

Please verify your OS-level VPN is active and connected, then try again."
[2026-10-07T20:52:44.492Z] ✅ [GATE H.2: PASS] Verify button strictly requires preflight.ready === true; UI remains NOT CONFIRMED on preflight error
[2026-10-07T20:52:44.492Z] 
=============================================================
[2026-10-07T20:52:44.492Z] GATE H.3: EGRESS PROBE UNAVAILABLE & TIMEOUT FAIL-CLOSED
[2026-10-07T20:52:44.492Z] =============================================================
[2026-10-07T20:52:44.494Z] [GATE_H_3_UNAVAIL] {"ready":false,"egressCheck":"FAIL","ownerVpnConfirmed":true,"egressVerified":false,"failureReason":"EGRESS_PROBE_UNAVAILABLE"}
[2026-10-07T20:52:44.496Z] [GATE_H_3_TIMEOUT] {"ready":false,"egressCheck":"FAIL","ownerVpnConfirmed":true,"egressVerified":false,"failureReason":"EGRESS_PROBE_TIMEOUT"}
[2026-10-07T20:52:44.496Z] ✅ [GATE H.3: PASS] Egress probe unavailable and timeout strictly block campaign start in fail-closed mode
[2026-10-07T20:52:44.496Z] 
=============================================================
[2026-10-07T20:52:44.496Z] GATE H.4: REAL DOM VERIFY & REOPEN PERSISTENCE
[2026-10-07T20:52:44.496Z] =============================================================
[2026-10-07T20:52:44.709Z] [GATE_H_4_VERIFY] badge=CONFIRMED checkbox=true stored=true
[2026-10-07T20:52:44.710Z] [GATE_H_4_POPUP_CLOSED]
[2026-10-07T20:52:48.255Z] [GATE_H_4_REOPEN_STATE] badge=CONFIRMED checkbox=true
[2026-10-07T20:52:49.774Z] [GATE_H_4_START_PERMITTED] {"campaignActive":true,"startHidden":true,"statusBoxVisible":true,"lastAlert":""}
[2026-10-07T20:52:49.797Z] ✅ [GATE H.4: PASS] Owner-visible Verify button confirms VPN, persists across close/reopen, and permits START
[2026-10-07T20:52:49.797Z] 
=============================================================
[2026-10-07T20:52:49.797Z] GATE H.5: REVOKE CONFIRMATION
[2026-10-07T20:52:49.797Z] =============================================================
[2026-10-07T20:52:50.855Z] [GATE_H_5_REVOKE] badge=NOT CONFIRMED checkbox=false stored=false
[2026-10-07T20:52:54.421Z] [GATE_H_5_REOPENED] badge=NOT CONFIRMED checkbox=false
[2026-10-07T20:52:55.925Z] [GATE_H_5_START_BLOCKED] alert="🛡️ PRIVACY GATEWAY FAIL-CLOSED

Campaign START blocked:
System VPN mode is selected, but VPN confirmation has not been completed.

Open Settings > Privacy Gateway, connect your VPN, then click 'Verify & Use System VPN'." settingsVisible=true
[2026-10-07T20:52:55.925Z] ✅ [GATE H.5: PASS] Revoke confirmation immediately resets UI, persists across reopen, and blocks START again
[2026-10-07T20:52:55.925Z] 
=============================================================
[2026-10-07T20:52:55.925Z] GATE H.6: EGRESS CONTINUITY WATCH (Tunnel-Drop Detection via Scheduler)
[2026-10-07T20:52:55.925Z] =============================================================
[2026-10-07T20:52:56.138Z] [GATE_H_6_CONFIRMED] ready=true fp=ea3f6e8890630ff0
[2026-10-07T20:52:56.139Z] [GATE_H_6_CAMPAIGN_SETUP] {"isActive":true,"queueLen":1}
[2026-10-07T20:52:56.139Z] [GATE_H_6_SIMULATED_CHANGE] Injected egress IP change
[2026-10-07T20:52:56.181Z] [GATE_H_6_SCHEDULER_RES] {"isActive":false,"isPaused":true,"isFaulted":true,"faultReason":"PRIVACY_GATEWAY_BLOCKED","activeTargetInFlight":false,"queueLen":1}
[2026-10-07T20:52:56.181Z] [GATE_H_6_ZERO_DIRECT_CHECK] newTargetRequestsAfterDrop=0
[2026-10-07T20:52:56.188Z] [GATE_H_6_INVALIDATED] confirmed=false ready=false
[2026-10-07T20:52:56.192Z] [GATE_H_6_CHECKPOINT_RETAINED] hasCheckpoint=true
[2026-10-07T20:52:56.192Z] ✅ [GATE H.6: PASS] Egress continuity watch detects tunnel drop in processNextCampaignTarget, halts campaign scheduler, pauses/faults fail-closed, retains checkpoint, and sends zero direct requests
[2026-10-07T20:52:56.195Z] 
=============================================================
[2026-10-07T20:52:56.195Z] [AUDIT_COMPLETE] ALL GATES PASSED (A through H) in real Microsoft Edge.
[2026-10-07T20:52:56.195Z] =============================================================