[2026-10-07T06:28:35.473Z] [HTTP_SERVER] http://127.0.0.1:8978
[2026-10-07T06:28:35.475Z] [UNPACKED_EXTENSION] E:\vivpr\ai\extension-form-sender\send_message_backup\build\extension
[2026-10-07T06:28:35.562Z] [GIT_HEAD] 0e9f6dae27712a764e0dae51dc8e4214c1a54c49
[2026-10-07T06:28:35.669Z] [GIT_DIRTY_RUNTIME] CLEAN
[2026-10-07T06:28:35.669Z] [BROWSER_LAUNCH] C:\Program Files (x86)\Microsoft\Edge\Application\msedge.exe --remote-debugging-port=9230
[2026-10-07T06:28:39.722Z] [CDP_CONNECT] Edg/154.0.4258.53
[2026-10-07T06:28:39.726Z] [EXT_DISCOVERY] extId=pjohcallgmjmbfckiaogjokelhobfceg
[2026-10-07T06:28:39.792Z] [SW_CONSOLE] [BootStep] solver_instantiation
[2026-10-07T06:28:39.793Z] [SW_CONSOLE] [X PIDER] Background script initializing (Unified Mode)...
[2026-10-07T06:28:39.793Z] [SW_CONSOLE] [BootStep] side_panel_config
[2026-10-07T06:28:39.793Z] [SW_CONSOLE] [BootStep] campaign_state_init
[2026-10-07T06:28:39.793Z] [SW_CONSOLE] [BootStep] global_functions_defined
[2026-10-07T06:28:39.794Z] [SW_CONSOLE] [BootStep] worker_online
[2026-10-07T06:28:39.794Z] [SW_CONSOLE] [BootStep] restoring_campaign_state
[2026-10-07T06:28:39.794Z] [SW_CONSOLE] [Boot] Initializing campaign state...
[2026-10-07T06:28:39.795Z] [SW_CONSOLE] [COUNTER_RECONCILE] legacySuccess=0 ledgerSuccess=0 action=LEDGER_WINS
[2026-10-07T06:28:39.795Z] [SW_CONSOLE] [BootStep] restore_complete
[2026-10-07T06:28:42.051Z] [SW_CONSOLE] [BG_LOG][tab=none] 📦 [Migration] Safely migrated to v2 (Backup: xpider_backup_v1_1791354522044)
[2026-10-07T06:28:43.846Z] [POPUP_CONSOLE] [XPIDER] Blacklist loaded with 3333 items.
[2026-10-07T06:28:43.846Z] [POPUP_CONSOLE] [POPUP_BOOT] started
[2026-10-07T06:28:43.846Z] [REAL_TARGET_TAB_ID] 1952179548
[2026-10-07T06:28:43.847Z] [POPUP_CONSOLE] [POPUP_BOOT] startHandlerBound=true
[2026-10-07T06:28:43.847Z] [POPUP_CONSOLE] [POPUP_BOOT] saveHandlerBound=true
[2026-10-07T06:28:43.847Z] [POPUP_CONSOLE] [BUILD_HANDSHAKE] localHead=c566f110903126f869a9c44e0a202053b20c34bd backgroundHead=c566f110903126f869a9c44e0a202053b20c34bd result=PASS
[2026-10-07T06:28:43.847Z] [POPUP_CONSOLE] [POPUP_BOOT] settingsHydrated=true
[2026-10-07T06:28:43.848Z] [POPUP_CONSOLE] [LEDGER_STATS] scope=currentGeneration success=0 failed=0 timeout=0 unknown=0
[2026-10-07T06:28:43.848Z] [POPUP_CONSOLE] [XPIDER_DIAG] [Engine] Initial handshake synced: active=false, completed=0, success=0, failed=0
[2026-10-07T06:28:43.848Z] [POPUP_CONSOLE] [POPUP_BOOT] getStateAck=true
[2026-10-07T06:28:43.848Z] [POPUP_CONSOLE] [POPUP_BOOT] ready=true
[2026-10-07T06:28:43.849Z] [POPUP_CONSOLE] [Popup] Storage migration verified / initialized to v2.
[2026-10-07T06:28:43.893Z] [TARGET_CONSOLE] 🚀 [XpiderSender] Advanced Engine Loaded: http://127.0.0.1:8978/captcha-inquiry.html
[2026-10-07T06:28:43.894Z] [TARGET_CONSOLE] [RUNTIME_ASSERT] NON_HTML_DOWNLOADABLE_EXTENSIONS ready=true
[2026-10-07T06:28:43.895Z] [TARGET_CONSOLE] [CONTROL_PLANE] listenersActive=1
[2026-10-07T06:28:43.898Z] [TARGET_CONSOLE] [EMAIL_COLLECTOR_INIT] generation=1 moduleLoaded=true
[2026-10-07T06:28:43.900Z] [TARGET_CONSOLE] [EMAIL_SCAN] url=http://127.0.0.1:8978/captcha-inquiry.html found=1 trigger=INIT
[2026-10-07T06:28:43.901Z] [TARGET_CONSOLE] [EMAIL_SEND] generation=1 pageCount=1 collectibleCount=1 count=1 hostname=127.0.0.1
[2026-10-07T06:28:43.904Z] [SCRIPTS_INJECTED] Real extension scripts injected into target tab 1952179548
[2026-10-07T06:28:43.909Z] [SW_CONSOLE] [BG_LOG][tab=1952179548] [TARGET][127.0.0.1] emailsFoundCurrentPage=1 emailsNewGlobal=1 totalEmailsGlobal=1
[2026-10-07T06:28:43.913Z] [TARGET_CONSOLE] [EMAIL_ACK] currentPageCount=1 newGlobalCount=1 totalGlobalCount=1 suppressed=false staleGeneration=false
[2026-10-07T06:28:44.912Z] 
=== [GATE 1 & 2: PROVENANCE & MODULE HASH VERIFICATION] ===
[2026-10-07T06:28:44.913Z] [PROVENANCE_INFO] buildId=R6.9G.5-20261006-FAIL-CLOSED-CAPTCHA-REAL-PUMP implementationHead=c566f110903126f869a9c44e0a202053b20c34bd
[2026-10-07T06:28:44.913Z] ✅ PASS: Gate 1: buildId strictly matches R6.9G.5-20261006-FAIL-CLOSED-CAPTCHA-REAL-PUMP
[2026-10-07T06:28:44.913Z] ✅ PASS: Gate 2: implementationHead strictly starts with functional commit c566f110
[2026-10-07T06:28:44.913Z] ✅ PASS: Gate 2b: contentScriptSha strictly matches recalculated hash (317de1c50adcf4cb...)
[2026-10-07T06:28:44.913Z] 
=== [GATE 3: FAIL-CLOSED RUNTIME BUILD HANDSHAKE] ===
[2026-10-07T06:28:44.917Z] [SW_CONSOLE] [BUILD_HANDSHAKE] popup=stale_mismatched_sha_000 background=c566f110903126f869a9c44e0a202053b20c34bd result=REJECT
[2026-10-07T06:28:44.918Z] [SW_CONSOLE] [BG_LOG][tab=none] [BUILD_HANDSHAKE] popup=stale_mismatched_sha_000 background=c566f110903126f869a9c44e0a202053b20c34bd result=REJECT
[2026-10-07T06:28:44.920Z] [HANDSHAKE_MISMATCH_RES] {"success":false,"error":"RUNTIME_BUILD_MISMATCH","detail":"Popup implementationHead (stale_mismatched_sha_000) does not match background (c566f110903126f869a9c44e0a202053b20c34bd). Reload extension."}
[2026-10-07T06:28:44.921Z] ✅ PASS: Gate 3: Mismatched implementationHead is strictly rejected with RUNTIME_BUILD_MISMATCH
[2026-10-07T06:28:44.921Z] 
=== [GATE 4 & 5: ZERO PROVIDER CALLS BEFORE AUTO + OWNER MODAL IDENTITY] ===
[2026-10-07T06:28:44.924Z] [TRIGGER_DETECTION] Sending TRIGGER_CAPTCHA_DETECTION to target tab 1952179548
[2026-10-07T06:28:44.928Z] [TARGET_CONSOLE] [CAPTCHA_DETECTED] stage=MANUAL type=recaptcha sitekey=6Le-wvkSAAAAAPBM...
[2026-10-07T06:28:44.928Z] [TARGET_CONSOLE] [XpiderLog] [CAPTCHA_DETECTED] stage=MANUAL type=recaptcha sitekey=6Le-wvkSAAAAAPBM...
[2026-10-07T06:28:44.929Z] [SW_CONSOLE] [CONTENT_EVENT][tabId=1952179548][attemptId=att_real_e2e_6001][url=http://127.0.0.1:8978/captcha-inquiry.html] [CAPTCHA_DETECTED] stage=MANUAL type=recaptcha sitekey=6Le-wvkSAAAAAPBM...
[2026-10-07T06:28:44.929Z] [SW_CONSOLE] [BG_LOG][tab=1952179548] [CONTENT_EVENT][tabId=1952179548][attemptId=att_real_e2e_6001][url=http://127.0.0.1:8978/captcha-inquiry.html] [CAPTCHA_DETECTED] stage=MANUAL type=recaptcha sitekey=6Le-wvkSAAAAAPBM...
[2026-10-07T06:28:44.934Z] [SW_CONSOLE] [BG_LOG][tab=none] [OWNER_CAPTCHA] Detected: type=recaptcha sitekey=6Le-wvkSAAAAAPBMRTvw0Q4Muexq9bi0DJwx_nqU. Timer suspended. Awaiting owner decision.
[2026-10-07T06:28:44.936Z] [TARGET_CONSOLE] [OWNER_CAPTCHA_REQUEST_SENT] res= Object
[2026-10-07T06:28:45.985Z] [TARGET_CONSOLE] [EMAIL_SCAN] url=http://127.0.0.1:8978/captcha-inquiry.html found=1 trigger=MUTATION
[2026-10-07T06:28:46.929Z] [SW_STAGE] stage=CAPTCHA_PENDING_OWNER pendingOwner=1
[2026-10-07T06:28:46.930Z] [PROVIDER_CALLS_BEFORE_AUTO] 0
[2026-10-07T06:28:46.930Z] ✅ PASS: Gate 4: Zero provider calls occurred before owner decision
[2026-10-07T06:28:46.934Z] [POPUP_MODAL_DOM] modal=true autoBtn=true manualBtn=true
[2026-10-07T06:28:46.934Z] ✅ PASS: Gate 5: Owner modal rendered in real popup DOM with full canonical identity buttons
[2026-10-07T06:28:46.934Z] 
=== [GATE 6: AUTONOMOUS SOLVE_CAPTCHA REJECTION] ===
[2026-10-07T06:28:46.938Z] [SW_CONSOLE] [BG_LOG][tab=none] [SOLVE_CAPTCHA] REJECT: Autonomous solve forbidden before owner Auto decision.
[2026-10-07T06:28:46.940Z] [AUTONOMOUS_SOLVE_RES] {"success":false,"error":"AUTONOMOUS_SOLVE_FORBIDDEN"}
[2026-10-07T06:28:46.940Z] ✅ PASS: Gate 6: Autonomous SOLVE_CAPTCHA rejected with AUTONOMOUS_SOLVE_FORBIDDEN
[2026-10-07T06:28:46.940Z] 
=== [GATE 7: STALE DECISION REJECTION] ===
[2026-10-07T06:28:46.943Z] [SW_CONSOLE] [BG_LOG][tab=none] [STALE_TARGET_EVENT] action=CAPTCHA_OWNER_DECISION reqAttempt=att_stale_9999 curAttempt=att_real_e2e_6001 result=REJECTED reason=attempt_mismatch
[2026-10-07T06:28:46.946Z] [SW_CONSOLE] [BG_LOG][tab=none] [CAPTCHA_DECISION] REJECT: reason=attempt_mismatch. Stale or mismatched decision.
[2026-10-07T06:28:46.946Z] [STALE_DECISION_RES] {"success":false,"error":"STALE_DECISION_REJECTED","reason":"attempt_mismatch"}
[2026-10-07T06:28:46.946Z] ✅ PASS: Gate 7: Stale decision rejected with STALE_DECISION_REJECTED
[2026-10-07T06:28:46.946Z] 
=== [BLOCKER 1: LIVE FAIL-CLOSED CAPTCHA VERIFIER AUDIT] ===
[2026-10-07T06:28:46.952Z] [TARGET_CONSOLE] [CAPTCHA_FAIL_CLOSED] verified=false — token present but NO independent resolution signal. Token-only != Challenge verified. Not incrementing CAPTCHA OK.
[2026-10-07T06:28:46.953Z] [FAIL_CLOSED_DOM_RESULT] tokenInDom=true verified=false
[2026-10-07T06:28:46.953Z] ✅ PASS: Gate FC-DOM: Token present in DOM with NO independent signal strictly yields verified=false with [CAPTCHA_FAIL_CLOSED] log
[2026-10-07T06:28:46.953Z] ✅ PASS: Gate FC-1: Token-only => verified=false. CAPTCHA OK NOT incremented. FAIL-CLOSED confirmed.
[2026-10-07T06:28:46.953Z] ✅ PASS: Gate FC-2: Token + widget-state=resolved => verified=true.
[2026-10-07T06:28:46.953Z] ✅ PASS: Gate FC-3: Token + global-flag => verified=true.
[2026-10-07T06:28:46.953Z] ✅ PASS: Gate FC-4: Token + iframe-gone => verified=true.
[2026-10-07T06:28:46.953Z] ✅ PASS: Gate FC-5: No token => verified=false even with all signals.
[2026-10-07T06:28:46.956Z] 
=== [GATE 8, 9, 10: REAL POPUP AUTO CLICK -> DOM INJECTION -> TRUE CHALLENGE VERIFY] ===
[2026-10-07T06:28:46.957Z] [TARGET_INITIAL_CHALLENGE_STATE] unresolved
[2026-10-07T06:28:46.957Z] [POPUP_ACTION] Clicking #xpider-captcha-auto-btn in real popup DOM
[2026-10-07T06:28:46.961Z] [SW_CONSOLE] [BG_LOG][tab=none] [CAPTCHA_DECISION] Owner chose: auto
[2026-10-07T06:28:46.962Z] [SW_CONSOLE] [BG_LOG][tab=none] [CAPTCHA_DECISION] Owner selected auto solve — proceeding to provider
[2026-10-07T06:28:46.967Z] [SW_CONSOLE] [BG_LOG][tab=none] [Auto CAPTCHA Solver] SOLVE_CAPTCHA: method=2captcha keyConfigured=true epoch=9 url=http://127.0.0.1:8978/captcha-inquiry.html
[2026-10-07T06:28:47.176Z] [SW_CONSOLE] [BG_LOG][tab=none] [Auto CAPTCHA Solver] 2Captcha SUCCESS keyConfigured=true tokenLength=29
[2026-10-07T06:28:47.176Z] [SW_CONSOLE] [BG_LOG][tab=none] [CAPTCHA_TOKEN_RECEIVED] method=2captcha tokenLength=29
[2026-10-07T06:28:47.178Z] [SW_CONSOLE] [BG_LOG][tab=none] [CAPTCHA_TOKEN_APPLIED] dispatching token to target frames
[2026-10-07T06:28:47.184Z] [TARGET_CONSOLE] [XpiderLog] 🔑 [Security] Captcha solved signal received from frame (mock_token...)
[2026-10-07T06:28:47.185Z] [SW_CONSOLE] [CONTENT_EVENT][tabId=1952179548][attemptId=att_real_e2e_6001][url=http://127.0.0.1:8978/captcha-inquiry.html] 🔑 [Security] Captcha solved signal received from frame (mock_token...)
[2026-10-07T06:28:47.186Z] [SW_CONSOLE] [BG_LOG][tab=1952179548] [CONTENT_EVENT][tabId=1952179548][attemptId=att_real_e2e_6001][url=http://127.0.0.1:8978/captcha-inquiry.html] 🔑 [Security] Captcha solved signal received from frame (mock_token...)
[2026-10-07T06:28:47.190Z] [TARGET_CONSOLE] [CAPTCHA_TOKEN_RECEIVED] token applied on target page
[2026-10-07T06:28:47.191Z] [TARGET_CONSOLE] [CAPTCHA_TOKEN_APPLIED] target=recaptcha applied=true
[2026-10-07T06:28:47.192Z] [TARGET_CONSOLE] [CAPTCHA_FAIL_CLOSED] verified=true via independent signal: resolvedState=true globalFlag=false iframeGone=true callback=false
[2026-10-07T06:28:47.192Z] [TARGET_CONSOLE] [CAPTCHA_CHALLENGE_VERIFIED] verificationConfirmed=true
[2026-10-07T06:28:47.192Z] [SW_CONSOLE] [BG_LOG][tab=none] [CAPTCHA_CHALLENGE_VERIFIED] Target challenge verified resolved. attemptId=att_real_e2e_6001
[2026-10-07T06:28:47.192Z] [SW_CONSOLE] [BG_LOG][tab=none] [CAPTCHA_AUTO_SUCCESS] Transitioned to CAPTCHA_AUTO_SUCCESS.
[2026-10-07T06:28:47.195Z] [SW_CONSOLE] [BG_LOG][tab=none] [CAPTCHA_CHALLENGE_VERIFIED] Target challenge confirmed resolved.
[2026-10-07T06:28:47.198Z] [SW_CONSOLE] [BG_LOG][tab=none] [CAPTCHA_AUTO_SUCCESS] Stage already advanced by CAPTCHA_CHALLENGE_VERIFIED event (stage=CAPTCHA_AUTO_SUCCESS). Skipping duplicate counter increment.
[2026-10-07T06:28:47.198Z] [POPUP_CONSOLE] [LEDGER_STATS] scope=currentGeneration campaignRunId=run_real_e2e_6001 success=0 failed=0 unknown=0
[2026-10-07T06:28:48.984Z] [TARGET_CONSOLE] [EMAIL_SCAN] url=http://127.0.0.1:8978/captcha-inquiry.html found=1 trigger=MUTATION
[2026-10-07T06:28:50.474Z] [PROVIDER_CALLS_AFTER_AUTO] 1
[2026-10-07T06:28:50.474Z] ✅ PASS: Gate 8: Exactly 1 provider call executed after Owner clicked Auto in popup DOM
[2026-10-07T06:28:50.475Z] [TARGET_DOM_TOKEN_VALUE] mock_token_r6_9g5_solved_9999
[2026-10-07T06:28:50.475Z] ✅ PASS: Target DOM received solved token from real content script injection
[2026-10-07T06:28:50.477Z] [TARGET_RESOLVED_CHALLENGE_STATE] state=resolved globalFlag=true
[2026-10-07T06:28:50.477Z] ✅ PASS: Gate 9: True challenge resolution verified: target fixture transitioned from unresolved -> resolved
[2026-10-07T06:28:50.478Z] [STAGE_AFTER_AUTO] CAPTCHA_AUTO_SUCCESS
[2026-10-07T06:28:50.480Z] [COUNTERS_AFTER_AUTO] captchaSolved=1 autoSuccess=1
[2026-10-07T06:28:50.480Z] ✅ PASS: Gate 10: captchaSolved=1 and ledgerAutoSuccess=1 upon confirmed independent challenge resolution
[2026-10-07T06:28:50.480Z] 
=== [GATE 11 & 12: REAL MANUAL FLOW (POPUP CLICK -> DOM RESOLUTION)] ===
[2026-10-07T06:28:50.484Z] [TRIGGER_DETECTION_2] Sending TRIGGER_CAPTCHA_DETECTION for attempt 2 to target tab 1952179548
[2026-10-07T06:28:50.487Z] [TARGET_CONSOLE] [CAPTCHA_DETECTED] stage=MANUAL type=recaptcha sitekey=6Le-wvkSAAAAAPBM...
[2026-10-07T06:28:50.488Z] [TARGET_CONSOLE] [XpiderLog] [CAPTCHA_DETECTED] stage=MANUAL type=recaptcha sitekey=6Le-wvkSAAAAAPBM...
[2026-10-07T06:28:50.489Z] [SW_CONSOLE] [CONTENT_EVENT][tabId=1952179548][attemptId=att_real_e2e_6002][url=http://127.0.0.1:8978/captcha-inquiry.html] [CAPTCHA_DETECTED] stage=MANUAL type=recaptcha sitekey=6Le-wvkSAAAAAPBM...
[2026-10-07T06:28:50.489Z] [SW_CONSOLE] [BG_LOG][tab=1952179548] [CONTENT_EVENT][tabId=1952179548][attemptId=att_real_e2e_6002][url=http://127.0.0.1:8978/captcha-inquiry.html] [CAPTCHA_DETECTED] stage=MANUAL type=recaptcha sitekey=6Le-wvkSAAAAAPBM...
[2026-10-07T06:28:50.491Z] [SW_CONSOLE] [BG_LOG][tab=none] [OWNER_CAPTCHA] Detected: type=recaptcha sitekey=6Le-wvkSAAAAAPBMRTvw0Q4Muexq9bi0DJwx_nqU. Timer suspended. Awaiting owner decision.
[2026-10-07T06:28:50.494Z] [TARGET_CONSOLE] [OWNER_CAPTCHA_REQUEST_SENT] res= Object
[2026-10-07T06:28:51.992Z] [TARGET_CONSOLE] [EMAIL_SCAN] url=http://127.0.0.1:8978/captcha-inquiry.html found=1 trigger=MUTATION
[2026-10-07T06:28:52.500Z] [POPUP_ACTION] Clicking #xpider-captcha-manual-btn in real popup DOM
[2026-10-07T06:28:52.502Z] [SW_CONSOLE] [BG_LOG][tab=none] [CAPTCHA_DECISION] Owner chose: manual
[2026-10-07T06:28:52.503Z] [SW_CONSOLE] [BG_LOG][tab=none] [CAPTCHA_DECISION] Manual mode: timer paused. Waiting for owner solve or skip.
[2026-10-07T06:28:52.506Z] [TARGET_CONSOLE] [CAPTCHA_MANUAL_WAIT] timer paused, waiting for manual solve
[2026-10-07T06:28:53.985Z] [TARGET_CONSOLE] [EMAIL_SCAN] url=http://127.0.0.1:8978/captcha-inquiry.html found=1 trigger=MUTATION
[2026-10-07T06:28:54.018Z] [STAGE_AFTER_MANUAL] CAPTCHA_MANUAL_WAIT providerCalls=1
[2026-10-07T06:28:54.018Z] ✅ PASS: Gate 11: Owner Manual decision holds timer in CAPTCHA_MANUAL_WAIT with zero provider calls
[2026-10-07T06:28:54.018Z] [TARGET_ACTION] Operator enters solved token into target page DOM
[2026-10-07T06:28:55.110Z] [TARGET_CONSOLE] [CAPTCHA_MANUAL_RESOLVED] challenge solved manually
[2026-10-07T06:28:55.111Z] [SW_CONSOLE] [BG_LOG][tab=none] [CAPTCHA_MANUAL_SUCCESS] Manual solve verified. attemptId=att_real_e2e_6002
[2026-10-07T06:28:55.113Z] [TARGET_CONSOLE] [EMAIL_SCAN] url=http://127.0.0.1:8978/captcha-inquiry.html found=1 trigger=MUTATION
[2026-10-07T06:28:55.113Z] [POPUP_CONSOLE] [LEDGER_STATS] scope=currentGeneration campaignRunId=run_real_e2e_6001 success=0 failed=0 unknown=0
[2026-10-07T06:28:56.530Z] [COUNTERS_AFTER_MANUAL] captchaSolved=2 manualSuccess=1
[2026-10-07T06:28:56.530Z] ✅ PASS: Gate 12: Real target DOM manual resolution detected -> MANUAL_CAPTCHA_RESOLVED -> manualSuccess=1, captchaSolved=2
[2026-10-07T06:28:56.530Z] 
=== [GATE 13: REAL PRODUCTION SINGLE-FLIGHT CONCURRENCY DEDUPLICATION] ===
[2026-10-07T06:28:56.534Z] [TRIGGER_DETECTION_FLIGHT] Sending TRIGGER_CAPTCHA_DETECTION for flight attempt to tab 1952179548
[2026-10-07T06:28:56.536Z] [TARGET_CONSOLE] [CAPTCHA_DETECTED] stage=MANUAL type=recaptcha sitekey=6Le-wvkSAAAAAPBM...
[2026-10-07T06:28:56.537Z] [TARGET_CONSOLE] [XpiderLog] [CAPTCHA_DETECTED] stage=MANUAL type=recaptcha sitekey=6Le-wvkSAAAAAPBM...
[2026-10-07T06:28:56.538Z] [SW_CONSOLE] [CONTENT_EVENT][tabId=1952179548][attemptId=att_flight_concur_1][url=http://127.0.0.1:8978/captcha-inquiry.html] [CAPTCHA_DETECTED] stage=MANUAL type=recaptcha sitekey=6Le-wvkSAAAAAPBM...
[2026-10-07T06:28:56.540Z] [SW_CONSOLE] [BG_LOG][tab=1952179548] [CONTENT_EVENT][tabId=1952179548][attemptId=att_flight_concur_1][url=http://127.0.0.1:8978/captcha-inquiry.html] [CAPTCHA_DETECTED] stage=MANUAL type=recaptcha sitekey=6Le-wvkSAAAAAPBM...
[2026-10-07T06:28:56.543Z] [SW_CONSOLE] [BG_LOG][tab=none] [OWNER_CAPTCHA] Detected: type=recaptcha sitekey=6Le-wvkSAAAAAPBMRTvw0Q4Muexq9bi0DJwx_nqU. Timer suspended. Awaiting owner decision.
[2026-10-07T06:28:56.544Z] [TARGET_CONSOLE] [OWNER_CAPTCHA_REQUEST_SENT] res= Object
[2026-10-07T06:28:57.993Z] [TARGET_CONSOLE] [EMAIL_SCAN] url=http://127.0.0.1:8978/captcha-inquiry.html found=1 trigger=MUTATION
[2026-10-07T06:28:58.540Z] [SINGLE_FLIGHT_DISPATCH] Triggering 2 concurrent SOLVE_CAPTCHA requests through real runtime path
[2026-10-07T06:28:58.543Z] [SW_CONSOLE] [BG_LOG][tab=none] [Auto CAPTCHA Solver] In-flight solve already running for key=15:att_flight_concur_1:2captcha:1952179548:6Le-wvkSAAAAAPBMRTvw0Q4Muexq9bi0DJwx_nqU:recaptcha. Joining single-flight execution...
[2026-10-07T06:28:58.543Z] [SW_CONSOLE] [BG_LOG][tab=none] [Auto CAPTCHA Solver] SOLVE_CAPTCHA: method=2captcha keyConfigured=true epoch=15 url=http://127.0.0.1:8978/captcha-inquiry.html
[2026-10-07T06:28:58.759Z] [SW_CONSOLE] [BG_LOG][tab=none] [Auto CAPTCHA Solver] 2Captcha SUCCESS keyConfigured=true tokenLength=29
[2026-10-07T06:28:58.760Z] [SW_CONSOLE] [BG_LOG][tab=none] [CAPTCHA_TOKEN_RECEIVED] method=2captcha tokenLength=29
[2026-10-07T06:28:58.761Z] [SW_CONSOLE] [BG_LOG][tab=none] [CAPTCHA_TOKEN_APPLIED] dispatching token to target frames
[2026-10-07T06:28:58.769Z] [SW_CONSOLE] [CONTENT_EVENT][tabId=1952179548][attemptId=att_flight_concur_1][url=http://127.0.0.1:8978/captcha-inquiry.html] 🔑 [Security] Captcha solved signal received from frame (mock_token...)
[2026-10-07T06:28:58.769Z] [TARGET_CONSOLE] [XpiderLog] 🔑 [Security] Captcha solved signal received from frame (mock_token...)
[2026-10-07T06:28:58.771Z] [SW_CONSOLE] [BG_LOG][tab=1952179548] [CONTENT_EVENT][tabId=1952179548][attemptId=att_flight_concur_1][url=http://127.0.0.1:8978/captcha-inquiry.html] 🔑 [Security] Captcha solved signal received from frame (mock_token...)
[2026-10-07T06:28:58.772Z] [TARGET_CONSOLE] [CAPTCHA_TOKEN_RECEIVED] token applied on target page
[2026-10-07T06:28:58.772Z] [TARGET_CONSOLE] [CAPTCHA_TOKEN_APPLIED] target=recaptcha applied=true
[2026-10-07T06:28:58.775Z] [TARGET_CONSOLE] [CAPTCHA_FAIL_CLOSED] verified=true via independent signal: resolvedState=true globalFlag=false iframeGone=true callback=false
[2026-10-07T06:28:58.776Z] [TARGET_CONSOLE] [CAPTCHA_CHALLENGE_VERIFIED] verificationConfirmed=true
[2026-10-07T06:28:58.779Z] [SW_CONSOLE] [BG_LOG][tab=none] [CAPTCHA_CHALLENGE_VERIFIED] Target challenge verified resolved. attemptId=att_flight_concur_1
[2026-10-07T06:28:58.780Z] [SW_CONSOLE] [BG_LOG][tab=none] [CAPTCHA_AUTO_SUCCESS] Transitioned to CAPTCHA_AUTO_SUCCESS.
[2026-10-07T06:28:58.781Z] [POPUP_CONSOLE] [LEDGER_STATS] scope=currentGeneration campaignRunId=run_real_e2e_6001 success=0 failed=0 unknown=0
[2026-10-07T06:28:58.784Z] [SW_CONSOLE] [BG_LOG][tab=none] [CAPTCHA_CHALLENGE_VERIFIED] Target challenge confirmed resolved.
[2026-10-07T06:28:58.785Z] [SW_CONSOLE] [BG_LOG][tab=none] [CAPTCHA_AUTO_SUCCESS] Stage already advanced by CAPTCHA_CHALLENGE_VERIFIED event (stage=CAPTCHA_AUTO_SUCCESS). Skipping duplicate counter increment.
[2026-10-07T06:28:58.791Z] [SINGLE_FLIGHT_RESULT] innerProviderDelta=1 res1={"success":true,"method":"2captcha","token":"mock_token_r6_9g5_solved_9999"} res2={"success":true,"method":"2captcha","token":"mock_token_r6_9g5_solved_9999"}
[2026-10-07T06:28:58.793Z] [SINGLE_FLIGHT_LOCK_CLEANUP] remainingLocks=0
[2026-10-07T06:28:58.793Z] ✅ PASS: Gate 13: Real production single-flight lock deduplicated 2 concurrent requests into exactly 1 inner solve call
[2026-10-07T06:28:58.793Z] 
=== [BLOCKER 2: GATE 14RL REAL TARGET-PUMP SERIALIZATION] ===
[2026-10-07T06:28:58.796Z] [SW_CONSOLE] [14RL] Launching REAL processNextCampaignTarget. Queue=[A, B]. A delays 2500ms before finalizing.
[2026-10-07T06:28:58.798Z] [SW_CONSOLE] [TAB_BARRIER] phase=PRE_NEXT_TARGET ownedBefore=1
[2026-10-07T06:28:58.964Z] [SW_CONSOLE] [TAB_CLOSE] tabId=1952179548 attempt=1 result=CLOSED
[2026-10-07T06:28:58.965Z] [SW_CONSOLE] [TAB_BARRIER] phase=PRE_NEXT_TARGET ownedAfter=0 result=PASS
[2026-10-07T06:28:58.968Z] [SW_CONSOLE] [BG_LOG][tab=none] [TARGET 1/2][127.0.0.1] START
[2026-10-07T06:28:58.972Z] [SW_CONSOLE] [SERIALIZED_GATE] Slot acquired for 127.0.0.1. activeTargetInFlight=true activeTargetCount=1
[2026-10-07T06:28:58.974Z] [SW_CONSOLE] [14RL] Target A START. activeTargetInFlight=true activeTargetCount=1
[2026-10-07T06:29:01.469Z] [SW_CONSOLE] [14RL] Target A FINAL. Returning from orchestrateSending. Finalizer will release slot.
[2026-10-07T06:29:01.469Z] [SW_CONSOLE] [SERIALIZED_GATE] Slot released. activeTargetInFlight=false lastFinalTs=1791354541470
[2026-10-07T06:29:01.470Z] [SW_CONSOLE] [BG_LOG][tab=none] Waiting 1000ms before next target...
[2026-10-07T06:29:01.473Z] [POPUP_CONSOLE] [HISTORY_SCOPE_REFRESH] trigger=xpider_active_campaign_run_id,xpider_isActive
[2026-10-07T06:29:01.474Z] [POPUP_CONSOLE] [LEDGER_STATS] scope=currentRun campaignRunId=run_real_e2e_6001 success=0 failed=0 timeout=0 unknown=0
[2026-10-07T06:29:02.474Z] [SW_CONSOLE] [TAB_BARRIER] phase=PRE_NEXT_TARGET ownedBefore=0
[2026-10-07T06:29:02.475Z] [SW_CONSOLE] [TAB_BARRIER] phase=PRE_NEXT_TARGET ownedAfter=0 result=PASS
[2026-10-07T06:29:02.475Z] [SW_CONSOLE] [BG_LOG][tab=none] [TARGET 2/2][127.0.0.1] START
[2026-10-07T06:29:02.477Z] [SW_CONSOLE] [SERIALIZED_GATE] Slot acquired for 127.0.0.1. activeTargetInFlight=true activeTargetCount=1
[2026-10-07T06:29:02.477Z] [SW_CONSOLE] [14RL] CORRECT: B started after A finalized.
[2026-10-07T06:29:02.480Z] [SW_CONSOLE] [14RL] Target B START. activeTargetCount=1
[2026-10-07T06:29:02.481Z] [SW_CONSOLE] [SERIALIZED_GATE] Slot released. activeTargetInFlight=false lastFinalTs=1791354542476
[2026-10-07T06:29:02.481Z] [SW_CONSOLE] [BG_LOG][tab=none] Waiting 1000ms before next target...
[2026-10-07T06:29:03.383Z] [PUMP_TEST_RESULT] {"targetAStartTs":1791354538969,"targetBStartTs":1791354542476,"targetAFinalTs":1791354541469,"targetBStartedWhileAAlive":false,"maxConcurrentObserved":1,"finalInFlight":false,"finalCount":0}
[2026-10-07T06:29:03.383Z] ✅ PASS: Gate 14RL-A-START: A started via real pump at t=1791354538969
[2026-10-07T06:29:03.383Z] ✅ PASS: Gate 14RL-B-START: B started via real production pump at t=1791354542476
[2026-10-07T06:29:03.383Z] ✅ PASS: Gate 14RL-SERIAL: B did NOT start while A was alive. Full serialization confirmed.
[2026-10-07T06:29:03.383Z] ✅ PASS: Gate 14RL-ORDER: A finalized (1791354541469) before B started (1791354542476). Delta=1007ms
[2026-10-07T06:29:03.383Z] ✅ PASS: Gate 14RL-MAXCONC: maxConcurrentObserved=1 === 1 strictly enforced throughout A->B pump
[2026-10-07T06:29:03.383Z] ✅ PASS: Gate 14RL-RELEASE: Production slot released after A->B. activeTargetInFlight=false activeTargetCount=0
[2026-10-07T06:29:03.383Z] ✅ PASS: Gate 14RL-NO-MANUAL-FLIP: activeTargetInFlight was NEVER manually set by runner. All transitions via production finalizer only.
[2026-10-07T06:29:03.383Z] 
=== [GATE 15: STRICT LEDGER RECONCILIATION] ===
[2026-10-07T06:29:03.386Z] [LEDGER_CHECK] autoSuccess=2 manualSuccess=1 captchaSolved=3
[2026-10-07T06:29:03.387Z] ✅ PASS: Gate 15: Ledger counters strictly reconciled (autoSuccess + manualSuccess === captchaSolved === 3)
[2026-10-07T06:29:03.387Z] 
=== [GATE 16: BUILD HANDSHAKE IN REAL POPUP BOOT] ===
[2026-10-07T06:29:03.389Z] [BOOT_HEADS] badge="R6.9G.5 [c566f110]" popHead=c566f110903126f869a9c44e0a202053b20c34bd bgHead=c566f110903126f869a9c44e0a202053b20c34bd
[2026-10-07T06:29:03.389Z] ✅ PASS: Gate 16: Build handshake verified in real popup boot with badge R6.9G.5 [c566f11]
[2026-10-07T06:29:03.389Z] 
=== [GATE 17: EXTENSION LIFECYCLE CONTINUITY] ===
[2026-10-07T06:29:03.390Z] [LIFECYCLE_STATUS] online=true
[2026-10-07T06:29:03.390Z] ✅ PASS: Gate 17: Extension lifecycle continuity confirmed
[2026-10-07T06:29:03.390Z] 
================================================================================
[2026-10-07T06:29:03.390Z] 🎉 ALL R6.9G.5 REAL END-TO-END OPERATOR AUDIT GATES PASSED IN MICROSOFT EDGE
[2026-10-07T06:29:03.390Z]    BLOCKER 1 (Fail-Closed CAPTCHA Verify) = VERIFIED PASS
[2026-10-07T06:29:03.390Z]    BLOCKER 2 (Gate 14RL Real Target-Pump Serialization) = VERIFIED PASS
[2026-10-07T06:29:03.390Z]    TRUE PROVENANCE PARITY = VERIFIED PASS
[2026-10-07T06:29:03.390Z] ================================================================================