[2026-10-07T20:06:30.914Z] ========================================================================
[2026-10-07T20:06:30.917Z] XPIDER R6.9G.9.2 MICROSOFT EDGE REAL BROWSER OPERATOR AUDIT
[2026-10-07T20:06:30.917Z] Strict Fail-Closed Egress + Proxy Authentication + Real Trace Evidence
[2026-10-07T20:06:30.917Z] ========================================================================
[2026-10-07T20:06:30.940Z] [HARNESS_INIT] Target server listening on http://127.0.0.1:8980
[2026-10-07T20:06:30.945Z] [HARNESS_INIT] Forward proxy server listening on http://127.0.0.1:8982
[2026-10-07T20:06:30.945Z] [BROWSER_DETECTED] Edge binary: C:\Program Files (x86)\Microsoft\Edge\Application\msedge.exe
[2026-10-07T20:06:30.947Z] [EXTENSION_PATH] E:\vivpr\ai\extension-form-sender\send_message_backup\build\extension
[2026-10-07T20:06:30.947Z] [BROWSER_SPAWN] Launching Microsoft Edge on CDP port 9232...
[2026-10-07T20:06:31.655Z] [CDP_CONNECTED] Found 6 browser targets.
[2026-10-07T20:06:32.171Z] [SW_TARGET_ATTACHED] chrome-extension://pjohcallgmjmbfckiaogjokelhobfceg/background.js
[2026-10-07T20:06:32.183Z] [EXT_ID_RESOLVED] pjohcallgmjmbfckiaogjokelhobfceg
[2026-10-07T20:06:32.213Z] 
=============================================================
[2026-10-07T20:06:32.213Z] GATE A: DIRECT MODE + FAIL-CLOSED (Preflight Synchronous Block)
[2026-10-07T20:06:32.213Z] =============================================================
[2026-10-07T20:06:32.244Z] [GATE_A_EVAL] {"ready":false,"mode":"DIRECT","failClosed":true,"failureReason":"DIRECT_MODE_BLOCKED_BY_FAIL_CLOSED"}
[2026-10-07T20:06:32.244Z] ✅ [GATE A: PASS] DIRECT mode strictly blocked with DIRECT_MODE_BLOCKED_BY_FAIL_CLOSED
[2026-10-07T20:06:32.244Z] 
=============================================================
[2026-10-07T20:06:32.244Z] GATE B.1: MANAGED PROXY ROUTING (Without Direct Fallback)
[2026-10-07T20:06:32.244Z] =============================================================
[2026-10-07T20:06:32.248Z] [GATE_B1_EVAL] {"ready":true,"mode":"HTTPS_PROXY","directFallbackBlocked":"BLOCKED","egressCheck":"PASS"}
[2026-10-07T20:06:32.255Z] [TARGET_HTTP_REQ] GET /privacy-target Host=127.0.0.1:8980
[2026-10-07T20:06:32.262Z] [GATE_B1_FETCH] {"ok":true,"status":200}
[2026-10-07T20:06:32.262Z] ✅ [GATE B.1: PASS] HTTPS_PROXY configured and applied via fixed_servers
[2026-10-07T20:06:32.262Z] 
=============================================================
[2026-10-07T20:06:32.262Z] GATE B.2: PROXY AUTHENTICATION (onAuthRequired Scoping & Lifecycle)
[2026-10-07T20:06:32.262Z] =============================================================
[2026-10-07T20:06:32.266Z] [GATE_B2_SETUP] {"preflightReady":true,"hasCreds":true,"wrongHostScoped":true,"wrongPortScoped":true,"incompleteBlocked":true,"incompleteReason":"PROXY_CREDENTIALS_INCOMPLETE"}
[2026-10-07T20:06:32.271Z] [GATE_B2_EPHEMERAL_CLEANUP] hasBefore=true hasAfter=false
[2026-10-07T20:06:32.271Z] ✅ [GATE B.2: PASS] Proxy authentication correctly scoped to host/port, rejects incomplete credentials, and ephemeral password clears on exit
[2026-10-07T20:06:32.271Z] 
=============================================================
[2026-10-07T20:06:32.271Z] GATE C: PROXY FAILURE & FAIL-CLOSED QUIESCENCE
[2026-10-07T20:06:32.271Z] =============================================================
[2026-10-07T20:06:32.275Z] [GATE_C_EVAL] {"missingBlocked":true,"missingReason":"PROXY_HOST_OR_PORT_MISSING"}
[2026-10-07T20:06:32.275Z] ✅ [GATE C: PASS] Missing proxy blocks preflight, failing proxy drops connection without DIRECT retry
[2026-10-07T20:06:32.275Z] 
=============================================================
[2026-10-07T20:06:32.275Z] GATE D: WEBRTC LEAK GUARD & RESTORATION
[2026-10-07T20:06:32.276Z] =============================================================
[2026-10-07T20:06:32.281Z] [GATE_D_EVAL] webrtcVal=disable_non_proxied_udp netPredVal=false
[2026-10-07T20:06:32.281Z] ✅ [GATE D: PASS] WebRTC hardened to disable_non_proxied_udp, network prediction disabled
[2026-10-07T20:06:32.281Z] 
=============================================================
[2026-10-07T20:06:32.281Z] GATE E: CHILD / EXTERNAL TAB INVARIANT
[2026-10-07T20:06:32.281Z] =============================================================
[2026-10-07T20:06:32.283Z] [GATE_E_EVAL] {"readyState":false,"meta":{"privacyMode":"SYSTEM_VPN","privacyTransport":"SYSTEM_VPN","privacyGatePassed":false,"privacyGateCheckedAt":"2026-10-07T20:06:32.283Z","privacyFailureReason":"PROXY_HOST_OR_PORT_MISSING"}}
[2026-10-07T20:06:32.283Z] ✅ [GATE E: PASS] Attempt privacy metadata captures zero PII and enforces invariant
[2026-10-07T20:06:32.283Z] 
=============================================================
[2026-10-07T20:06:32.283Z] GATE F: POPUP SETTINGS & SYSTEM VPN UI INTEGRITY
[2026-10-07T20:06:32.283Z] =============================================================
[2026-10-07T20:06:34.336Z] [POPUP_ATTACHED] chrome-extension://pjohcallgmjmbfckiaogjokelhobfceg/popup.html
[2026-10-07T20:06:34.340Z] [GATE_F_EVAL] {"hasPrivacyToggle":true,"hasModeSelect":true,"hasVpnSection":true,"hasVpnBadge":true,"hasVpnCheckbox":true,"hasVpnVerifyBtn":true,"hasVpnRevokeBtn":true,"badgeText":"NOT CONFIRMED","provenanceBadgeText":"TEST-ONLY R6.9G.9.2 [9cd34425]"}
[2026-10-07T20:06:34.340Z] ✅ [GATE F: PASS] All 7 UI elements verified in popup DOM. Provenance badge: TEST-ONLY R6.9G.9.2 [9cd34425]
[2026-10-07T20:06:34.340Z] 
=============================================================
[2026-10-07T20:06:34.340Z] GATE G: DIAGNOSTIC REDACTION
[2026-10-07T20:06:34.340Z] =============================================================
[2026-10-07T20:06:34.342Z] [GATE_G_EVAL] redacted="Connected to proxy user:[REDACTED_SECRET] proxyPassword: [REDACTED_SECRET] with https://[REDACTED_USER]:[REDACTED_PASS]@proxy.example.com at [REDACTED_IP]:8080 and [REDACTED_IPV6], local test on 127.0.0.1"
[2026-10-07T20:06:34.343Z] ✅ [GATE G: PASS] Sensitive IPv4, IPv6, and proxy passwords strictly redacted; loopback fixture preserved
[2026-10-07T20:06:34.343Z] 
=============================================================
[2026-10-07T20:06:34.343Z] GATE H.1: UNCONFIRMED SYSTEM VPN BLOCKS CAMPAIGN START
[2026-10-07T20:06:34.343Z] =============================================================
[2026-10-07T20:06:36.863Z] [GATE_H_1_BLOCKED] alert="🛡️ PRIVACY GATEWAY FAIL-CLOSED

Campaign START blocked:
System VPN mode is selected, but VPN confirmation has not been completed.

Open Settings > Privacy Gateway, connect your VPN, then click 'Verify & Use System VPN'." badge=NOT CONFIRMED settingsVisible=true
[2026-10-07T20:06:36.863Z] ✅ [GATE H.1: PASS] Unconfirmed System VPN blocks campaign start, displays actionable guidance, opens Settings
[2026-10-07T20:06:36.864Z] 
=============================================================
[2026-10-07T20:06:36.864Z] GATE H.2: FORCED PREFLIGHT FAILURE IN VERIFY BUTTON
[2026-10-07T20:06:36.864Z] =============================================================
[2026-10-07T20:06:38.377Z] [GATE_H_2_FORCED_FAIL] badge=NOT CONFIRMED storedConfirmed=false alert="🛡️ PRIVACY GATEWAY FAIL-CLOSED

System VPN verification failed:
FORCED_PREFLIGHT_SIMULATED_PROBE_ERROR

Please verify your OS-level VPN is active and connected, then try again."
[2026-10-07T20:06:38.378Z] ✅ [GATE H.2: PASS] Verify button strictly requires preflight.ready === true; UI remains NOT CONFIRMED on preflight error
[2026-10-07T20:06:38.378Z] 
=============================================================
[2026-10-07T20:06:38.378Z] GATE H.3: EGRESS PROBE UNAVAILABLE & TIMEOUT FAIL-CLOSED
[2026-10-07T20:06:38.378Z] =============================================================
[2026-10-07T20:06:38.380Z] [GATE_H_3_UNAVAIL] {"ready":false,"egressCheck":"FAIL","ownerVpnConfirmed":true,"egressVerified":false,"failureReason":"EGRESS_PROBE_UNAVAILABLE"}
[2026-10-07T20:06:38.381Z] [GATE_H_3_TIMEOUT] {"ready":false,"egressCheck":"FAIL","ownerVpnConfirmed":true,"egressVerified":false,"failureReason":"EGRESS_PROBE_TIMEOUT"}
[2026-10-07T20:06:38.382Z] ✅ [GATE H.3: PASS] Egress probe unavailable and timeout strictly block campaign start in fail-closed mode
[2026-10-07T20:06:38.382Z] 
=============================================================
[2026-10-07T20:06:38.382Z] GATE H.4: REAL DOM VERIFY & REOPEN PERSISTENCE
[2026-10-07T20:06:38.382Z] =============================================================
[2026-10-07T20:06:38.593Z] [GATE_H_4_VERIFY] badge=CONFIRMED checkbox=true stored=true
[2026-10-07T20:06:38.594Z] [GATE_H_4_POPUP_CLOSED]
[2026-10-07T20:06:42.149Z] [GATE_H_4_REOPEN_STATE] badge=CONFIRMED checkbox=true
[2026-10-07T20:06:43.660Z] [GATE_H_4_START_PERMITTED] {"campaignActive":true,"startHidden":true,"statusBoxVisible":true,"lastAlert":""}
[2026-10-07T20:06:43.681Z] ✅ [GATE H.4: PASS] Owner-visible Verify button confirms VPN, persists across close/reopen, and permits START
[2026-10-07T20:06:43.681Z] 
=============================================================
[2026-10-07T20:06:43.681Z] GATE H.5: REVOKE CONFIRMATION
[2026-10-07T20:06:43.681Z] =============================================================
[2026-10-07T20:06:44.711Z] [GATE_H_5_REVOKE] badge=NOT CONFIRMED checkbox=false stored=false
[2026-10-07T20:06:48.262Z] [GATE_H_5_REOPENED] badge=NOT CONFIRMED checkbox=false
[2026-10-07T20:06:49.775Z] [GATE_H_5_START_BLOCKED] alert="🛡️ PRIVACY GATEWAY FAIL-CLOSED

Campaign START blocked:
System VPN mode is selected, but VPN confirmation has not been completed.

Open Settings > Privacy Gateway, connect your VPN, then click 'Verify & Use System VPN'." settingsVisible=true
[2026-10-07T20:06:49.776Z] ✅ [GATE H.5: PASS] Revoke confirmation immediately resets UI, persists across reopen, and blocks START again
[2026-10-07T20:06:49.776Z] 
=============================================================
[2026-10-07T20:06:49.776Z] GATE H.6: EGRESS CONTINUITY WATCH (Tunnel-Drop Detection)
[2026-10-07T20:06:49.776Z] =============================================================
[2026-10-07T20:06:49.994Z] [GATE_H_6_CONFIRMED] ready=true fp=ea3f6e8890630ff0
[2026-10-07T20:06:49.998Z] [GATE_H_6_CONTINUITY_CHECK] pass=false reason=SYSTEM_VPN_EGRESS_CHANGED
[2026-10-07T20:06:49.999Z] [GATE_H_6_INVALIDATED] confirmed=false ready=false
[2026-10-07T20:06:49.999Z] ✅ [GATE H.6: PASS] Egress continuity watch detects unexpected tunnel drop, invalidates confirmation, and halts fail-closed
[2026-10-07T20:06:50.002Z] 
=============================================================
[2026-10-07T20:06:50.002Z] [AUDIT_COMPLETE] ALL GATES PASSED (A through H) in real Microsoft Edge.
[2026-10-07T20:06:50.002Z] =============================================================